g 10 10
b 0 1
b 0 2
b 0 3
b 0 4
b 0 5
b 0 6
b 0 7
b 1 1
b 2 2
b 3 3
+----------+
|**********|
|**********|
|**********|
|**********|
|**********|
|**********|
|**********|
|**********|
|**********|
|**********|
+----------+
f 0 0
+----------+
|f*********|
|**********|
|**********|
|**********|
|**********|
|**********|
|**********|
|**********|
|**********|
|**********|
+----------+
f 0 1
+----------+
|f*********|
|f*********|
|**********|
|**********|
|**********|
|**********|
|**********|
|**********|
|**********|
|**********|
+----------+
f 0 2
+----------+
|f*********|
|f*********|
|f*********|
|**********|
|**********|
|**********|
|**********|
|**********|
|**********|
|**********|
+----------+
f 0 3
+----------+
|f*********|
|f*********|
|f*********|
|f*********|
|**********|
|**********|
|**********|
|**********|
|**********|
|**********|
+----------+
f 0 4
+----------+
|f*********|
|f*********|
|f*********|
|f*********|
|f*********|
|**********|
|**********|
|**********|
|**********|
|**********|
+----------+
f 0 5
+----------+
|f*********|
|f*********|
|f*********|
|f*********|
|f*********|
|f*********|
|**********|
|**********|
|**********|
|**********|
+----------+
f 0 6
+----------+
|f*********|
|f*********|
|f*********|
|f*********|
|f*********|
|f*********|
|f*********|
|**********|
|**********|
|**********|
+----------+
f 0 7
+----------+
|f*********|
|f*********|
|f*********|
|f*********|
|f*********|
|f*********|
|f*********|
|f*********|
|**********|
|**********|
+----------+
f 0 8
+----------+
|f*********|
|f*********|
|f*********|
|f*********|
|f*********|
|f*********|
|f*********|
|f*********|
|f*********|
|**********|
+----------+
f 0 9
+----------+
|f*********|
|f*********|
|f*********|
|f*********|
|f*********|
|f*********|
|f*********|
|f*********|
|f*********|
|f*********|
+----------+
error
