g 4 5
b 1 1
b 2 2
b 3 3
b 0 0
b 1 2
b 2 3
b 3 4
b 0 1
b 0 2
b 0 3
+----+
|****|
|****|
|****|
|****|
|****|
+----+
error
