g 4 4
b 1 1
b 3 2
b 0 1
b 2 0
b 1 0
b 3 0
b 0 2
b 0 3
b 3 3
error
